{
    "CONCATENATE_LANES concatenates different lanes of the same samples -- SE + PE samples.": {
        "content": [
            {
                "0": [
                    [
                        {
                            "sampleName": "SRR0000000",
                            "readType": "paired"
                        },
                        "SRR0000000_S8_R1_001.fastq.gz:md5,ca21995dbc0501708eba59cd04df1f81",
                        "SRR0000000_S8_R2_001.fastq.gz:md5,6748363463e372ce7cfc2d97633b492f"
                    ],
                    [
                        {
                            "sampleName": "SRR1066657",
                            "readType": "single"
                        },
                        "SRR1066657_R1.fastq.gz:md5,1364175842ee2090655615a38f3b1d8f",
                        "SRR1066657_R2.fastq.gz.EMPTYFILE:md5,d41d8cd98f00b204e9800998ecf8427e"
                    ],
                    [
                        {
                            "sampleName": "SRR6924569",
                            "readType": "paired"
                        },
                        "SRR6924569_R1.fastq.gz:md5,f067df69f0ba4df332ddc36a77992504",
                        "SRR6924569_R2.fastq.gz:md5,b40d02a7907ecdd3845ac38c014f249e"
                    ]
                ],
                "readsForQC": [
                    [
                        {
                            "sampleName": "SRR0000000",
                            "readType": "paired"
                        },
                        "SRR0000000_S8_R1_001.fastq.gz:md5,ca21995dbc0501708eba59cd04df1f81",
                        "SRR0000000_S8_R2_001.fastq.gz:md5,6748363463e372ce7cfc2d97633b492f"
                    ],
                    [
                        {
                            "sampleName": "SRR1066657",
                            "readType": "single"
                        },
                        "SRR1066657_R1.fastq.gz:md5,1364175842ee2090655615a38f3b1d8f",
                        "SRR1066657_R2.fastq.gz.EMPTYFILE:md5,d41d8cd98f00b204e9800998ecf8427e"
                    ],
                    [
                        {
                            "sampleName": "SRR6924569",
                            "readType": "paired"
                        },
                        "SRR6924569_R1.fastq.gz:md5,f067df69f0ba4df332ddc36a77992504",
                        "SRR6924569_R2.fastq.gz:md5,b40d02a7907ecdd3845ac38c014f249e"
                    ]
                ]
            }
        ],
        "meta": {
            "nf-test": "0.9.0",
            "nextflow": "24.04.4"
        },
        "timestamp": "2025-03-06T18:03:01.797296881"
    }
}