{
    "PREPARE_INPUTS takes a directory to reads and emits read pairs with sample metadata -- SE + PE reads.": {
        "content": [
            {
                "0": [
                    [
                        {
                            "sampleName": "SRR0000000",
                            "lane": "",
                            "readType": "paired"
                        },
                        "SRR0000000_S8_R1_001.fastq.gz:md5,ca21995dbc0501708eba59cd04df1f81",
                        "SRR0000000_S8_R2_001.fastq.gz:md5,6748363463e372ce7cfc2d97633b492f"
                    ],
                    [
                        {
                            "sampleName": "SRR1066657",
                            "lane": "001",
                            "readType": "single"
                        },
                        "SRR1066657_S3_L001_R1_001.fastq.gz:md5,2a288d18d3b65cd2d33bb51a9b1c3aa5",
                        "SRR1066657_S3_L001_R2_001.fastq.gz.EMPTYFILE:md5,d41d8cd98f00b204e9800998ecf8427e"
                    ],
                    [
                        {
                            "sampleName": "SRR1066657",
                            "lane": "002",
                            "readType": "single"
                        },
                        "SRR1066657_S3_L002_R1_001.fastq.gz:md5,24e26bcb7fe0ac19e41664382662d166",
                        "SRR1066657_S3_L002_R2_001.fastq.gz.EMPTYFILE:md5,d41d8cd98f00b204e9800998ecf8427e"
                    ],
                    [
                        {
                            "sampleName": "SRR6924569",
                            "lane": "001",
                            "readType": "paired"
                        },
                        "SRR6924569_S1_L001_R1_001.fastq.gz:md5,ca21995dbc0501708eba59cd04df1f81",
                        "SRR6924569_S1_L001_R2_001.fastq.gz:md5,6748363463e372ce7cfc2d97633b492f"
                    ],
                    [
                        {
                            "sampleName": "SRR6924569",
                            "lane": "002",
                            "readType": "paired"
                        },
                        "SRR6924569_S1_L002_R1_001.fastq.gz:md5,bd0746d64b03d97b27c6a8df94565836",
                        "SRR6924569_S1_L002_R2_001.fastq.gz:md5,e77b0abbf4abdc0afcddf778f902db32"
                    ]
                ],
                "reads": [
                    [
                        {
                            "sampleName": "SRR0000000",
                            "lane": "",
                            "readType": "paired"
                        },
                        "SRR0000000_S8_R1_001.fastq.gz:md5,ca21995dbc0501708eba59cd04df1f81",
                        "SRR0000000_S8_R2_001.fastq.gz:md5,6748363463e372ce7cfc2d97633b492f"
                    ],
                    [
                        {
                            "sampleName": "SRR1066657",
                            "lane": "001",
                            "readType": "single"
                        },
                        "SRR1066657_S3_L001_R1_001.fastq.gz:md5,2a288d18d3b65cd2d33bb51a9b1c3aa5",
                        "SRR1066657_S3_L001_R2_001.fastq.gz.EMPTYFILE:md5,d41d8cd98f00b204e9800998ecf8427e"
                    ],
                    [
                        {
                            "sampleName": "SRR1066657",
                            "lane": "002",
                            "readType": "single"
                        },
                        "SRR1066657_S3_L002_R1_001.fastq.gz:md5,24e26bcb7fe0ac19e41664382662d166",
                        "SRR1066657_S3_L002_R2_001.fastq.gz.EMPTYFILE:md5,d41d8cd98f00b204e9800998ecf8427e"
                    ],
                    [
                        {
                            "sampleName": "SRR6924569",
                            "lane": "001",
                            "readType": "paired"
                        },
                        "SRR6924569_S1_L001_R1_001.fastq.gz:md5,ca21995dbc0501708eba59cd04df1f81",
                        "SRR6924569_S1_L001_R2_001.fastq.gz:md5,6748363463e372ce7cfc2d97633b492f"
                    ],
                    [
                        {
                            "sampleName": "SRR6924569",
                            "lane": "002",
                            "readType": "paired"
                        },
                        "SRR6924569_S1_L002_R1_001.fastq.gz:md5,bd0746d64b03d97b27c6a8df94565836",
                        "SRR6924569_S1_L002_R2_001.fastq.gz:md5,e77b0abbf4abdc0afcddf778f902db32"
                    ]
                ]
            }
        ],
        "meta": {
            "nf-test": "0.9.0",
            "nextflow": "24.04.4"
        },
        "timestamp": "2025-03-06T17:04:34.397928672"
    }
}